
  .   ____          _            __ _ _
 /\\ / ___'_ __ _ _(_)_ __  __ _ \ \ \ \
( ( )\___ | '_ | '_| | '_ \/ _` | \ \ \ \
 \\/  ___)| |_)| | | | | || (_| |  ) ) ) )
  '  |____| .__|_| |_|_| |_\__, | / / / /
 =========|_|==============|___/=/_/_/_/

 :: Spring Boot ::                (v3.5.7)

2026-09-09T23:01:55.214+05:30  INFO 34248 --- [gulvisha-backend] [           main] c.g.backend.GulvishaBackendApplication   : Starting GulvishaBackendApplication v0.0.1-SNAPSHOT using Java 21.0.11 with PID 34248 (E:\AI_LEARNING\gulvisha-enterprises\backend\gulvisha-backend\target\gulvisha-backend-0.0.1-SNAPSHOT.jar started by PC in E:\AI_LEARNING\gulvisha-enterprises)
2026-09-09T23:01:55.222+05:30  INFO 34248 --- [gulvisha-backend] [           main] c.g.backend.GulvishaBackendApplication   : No active profile set, falling back to 1 default profile: "default"
2026-09-09T23:01:57.666+05:30  INFO 34248 --- [gulvisha-backend] [           main] .s.d.r.c.RepositoryConfigurationDelegate : Bootstrapping Spring Data JPA repositories in DEFAULT mode.
2026-09-09T23:01:57.868+05:30  INFO 34248 --- [gulvisha-backend] [           main] .s.d.r.c.RepositoryConfigurationDelegate : Finished Spring Data repository scanning in 179 ms. Found 21 JPA repository interfaces.
2026-09-09T23:01:59.888+05:30  INFO 34248 --- [gulvisha-backend] [           main] o.s.b.w.embedded.tomcat.TomcatWebServer  : Tomcat initialized with port 8080 (http)
2026-09-09T23:01:59.934+05:30  INFO 34248 --- [gulvisha-backend] [           main] o.apache.catalina.core.StandardService   : Starting service [Tomcat]
2026-09-09T23:01:59.934+05:30  INFO 34248 --- [gulvisha-backend] [           main] o.apache.catalina.core.StandardEngine    : Starting Servlet engine: [Apache Tomcat/10.1.48]
2026-09-09T23:02:00.031+05:30  INFO 34248 --- [gulvisha-backend] [           main] o.a.c.c.C.[Tomcat].[localhost].[/]       : Initializing Spring embedded WebApplicationContext
2026-09-09T23:02:00.036+05:30  INFO 34248 --- [gulvisha-backend] [           main] w.s.c.ServletWebServerApplicationContext : Root WebApplicationContext: initialization completed in 4675 ms
2026-09-09T23:02:00.555+05:30  INFO 34248 --- [gulvisha-backend] [           main] o.hibernate.jpa.internal.util.LogHelper  : HHH000204: Processing PersistenceUnitInfo [name: default]
2026-09-09T23:02:00.769+05:30  INFO 34248 --- [gulvisha-backend] [           main] org.hibernate.Version                    : HHH000412: Hibernate ORM core version 6.6.33.Final
2026-09-09T23:02:00.887+05:30  INFO 34248 --- [gulvisha-backend] [           main] o.h.c.internal.RegionFactoryInitiator    : HHH000026: Second-level cache disabled
2026-09-09T23:02:01.768+05:30  INFO 34248 --- [gulvisha-backend] [           main] o.s.o.j.p.SpringPersistenceUnitInfo      : No LoadTimeWeaver setup: ignoring JPA class transformer
2026-09-09T23:02:01.832+05:30  INFO 34248 --- [gulvisha-backend] [           main] com.zaxxer.hikari.HikariDataSource       : HikariPool-1 - Starting...
2026-09-09T23:02:03.072+05:30  INFO 34248 --- [gulvisha-backend] [           main] com.zaxxer.hikari.pool.HikariPool        : HikariPool-1 - Added connection org.postgresql.jdbc.PgConnection@636fccb0
2026-09-09T23:02:03.072+05:30  INFO 34248 --- [gulvisha-backend] [           main] com.zaxxer.hikari.HikariDataSource       : HikariPool-1 - Start completed.
2026-09-09T23:02:03.383+05:30  INFO 34248 --- [gulvisha-backend] [           main] org.hibernate.orm.connections.pooling    : HHH10001005: Database info:
	Database JDBC URL [Connecting through datasource 'HikariDataSource (HikariPool-1)']
	Database driver: undefined/unknown
	Database version: 18.4
	Autocommit mode: undefined/unknown
	Isolation level: undefined/unknown
	Minimum pool size: undefined/unknown
	Maximum pool size: undefined/unknown
2026-09-09T23:02:05.861+05:30  INFO 34248 --- [gulvisha-backend] [           main] o.h.e.t.j.p.i.JtaPlatformInitiator       : HHH000489: No JTA platform available (set 'hibernate.transaction.jta.platform' to enable JTA platform integration)
2026-09-09T23:02:06.445+05:30  INFO 34248 --- [gulvisha-backend] [           main] j.LocalContainerEntityManagerFactoryBean : Initialized JPA EntityManagerFactory for persistence unit 'default'
2026-09-09T23:02:07.928+05:30  INFO 34248 --- [gulvisha-backend] [           main] o.s.d.j.r.query.QueryEnhancerFactory     : Hibernate is in classpath; If applicable, HQL parser will be used.
2026-09-09T23:02:12.238+05:30  INFO 34248 --- [gulvisha-backend] [           main] r$InitializeUserDetailsManagerConfigurer : Global AuthenticationManager configured with UserDetailsService bean with name customUserDetailsService
2026-09-09T23:02:13.623+05:30  WARN 34248 --- [gulvisha-backend] [           main] ConfigServletWebServerApplicationContext : Exception encountered during context initialization - cancelling refresh attempt: org.springframework.context.ApplicationContextException: Failed to start bean 'webServerStartStop'
2026-09-09T23:02:13.637+05:30  INFO 34248 --- [gulvisha-backend] [           main] j.LocalContainerEntityManagerFactoryBean : Closing JPA EntityManagerFactory for persistence unit 'default'
2026-09-09T23:02:13.646+05:30  INFO 34248 --- [gulvisha-backend] [           main] com.zaxxer.hikari.HikariDataSource       : HikariPool-1 - Shutdown initiated...
2026-09-09T23:02:13.660+05:30  INFO 34248 --- [gulvisha-backend] [           main] com.zaxxer.hikari.HikariDataSource       : HikariPool-1 - Shutdown completed.
2026-09-09T23:02:13.699+05:30  INFO 34248 --- [gulvisha-backend] [           main] .s.b.a.l.ConditionEvaluationReportLogger : 

Error starting ApplicationContext. To display the condition evaluation report re-run your application with 'debug' enabled.
2026-09-09T23:02:13.752+05:30 ERROR 34248 --- [gulvisha-backend] [           main] o.s.b.d.LoggingFailureAnalysisReporter   : 

***************************
APPLICATION FAILED TO START
***************************

Description:

Web server failed to start. Port 8080 was already in use.

Action:

Identify and stop the process that's listening on port 8080 or configure this application to listen on another port.

