[INFO] Scanning for projects...
[INFO] 
[INFO] -------------------< com.gulvisha:gulvisha-backend >--------------------
[INFO] Building gulvisha-backend 0.0.1-SNAPSHOT
[INFO]   from pom.xml
[INFO] --------------------------------[ jar ]---------------------------------
[INFO] 
[INFO] >>> spring-boot:3.5.7:run (default-cli) > test-compile @ gulvisha-backend >>>
[INFO] 
[INFO] --- resources:3.3.1:resources (default-resources) @ gulvisha-backend ---
[INFO] Copying 1 resource from src\main\resources to target\classes
[INFO] Copying 0 resource from src\main\resources to target\classes
[INFO] 
[INFO] --- compiler:3.14.1:compile (default-compile) @ gulvisha-backend ---
[INFO] Nothing to compile - all classes are up to date.
[INFO] 
[INFO] --- resources:3.3.1:testResources (default-testResources) @ gulvisha-backend ---
[INFO] skip non existing resourceDirectory E:\AI_LEARNING\gulvisha-enterprises\backend\gulvisha-backend\src\test\resources
[INFO] 
[INFO] --- compiler:3.14.1:testCompile (default-testCompile) @ gulvisha-backend ---
[INFO] Nothing to compile - all classes are up to date.
[INFO] 
[INFO] <<< spring-boot:3.5.7:run (default-cli) < test-compile @ gulvisha-backend <<<
[INFO] 
[INFO] 
[INFO] --- spring-boot:3.5.7:run (default-cli) @ gulvisha-backend ---
[INFO] Attaching agents: []

  .   ____          _            __ _ _
 /\\ / ___'_ __ _ _(_)_ __  __ _ \ \ \ \
( ( )\___ | '_ | '_| | '_ \/ _` | \ \ \ \
 \\/  ___)| |_)| | | | | || (_| |  ) ) ) )
  '  |____| .__|_| |_|_| |_\__, | / / / /
 =========|_|==============|___/=/_/_/_/

 :: Spring Boot ::                (v3.5.7)

2026-09-07T00:26:02.414+05:30  INFO 25724 --- [gulvisha-backend] [           main] c.g.backend.GulvishaBackendApplication   : Starting GulvishaBackendApplication using Java 21.0.11 with PID 25724 (E:\AI_LEARNING\gulvisha-enterprises\backend\gulvisha-backend\target\classes started by PC in E:\AI_LEARNING\gulvisha-enterprises\backend\gulvisha-backend)
2026-09-07T00:26:02.430+05:30  INFO 25724 --- [gulvisha-backend] [           main] c.g.backend.GulvishaBackendApplication   : No active profile set, falling back to 1 default profile: "default"
2026-09-07T00:26:03.490+05:30  INFO 25724 --- [gulvisha-backend] [           main] .s.d.r.c.RepositoryConfigurationDelegate : Bootstrapping Spring Data JPA repositories in DEFAULT mode.
2026-09-07T00:26:03.642+05:30  INFO 25724 --- [gulvisha-backend] [           main] .s.d.r.c.RepositoryConfigurationDelegate : Finished Spring Data repository scanning in 137 ms. Found 12 JPA repository interfaces.
2026-09-07T00:26:04.512+05:30  INFO 25724 --- [gulvisha-backend] [           main] o.s.b.w.embedded.tomcat.TomcatWebServer  : Tomcat initialized with port 8080 (http)
2026-09-07T00:26:04.529+05:30  INFO 25724 --- [gulvisha-backend] [           main] o.apache.catalina.core.StandardService   : Starting service [Tomcat]
2026-09-07T00:26:04.529+05:30  INFO 25724 --- [gulvisha-backend] [           main] o.apache.catalina.core.StandardEngine    : Starting Servlet engine: [Apache Tomcat/10.1.48]
2026-09-07T00:26:04.628+05:30  INFO 25724 --- [gulvisha-backend] [           main] o.a.c.c.C.[Tomcat].[localhost].[/]       : Initializing Spring embedded WebApplicationContext
2026-09-07T00:26:04.628+05:30  INFO 25724 --- [gulvisha-backend] [           main] w.s.c.ServletWebServerApplicationContext : Root WebApplicationContext: initialization completed in 2136 ms
2026-09-07T00:26:04.878+05:30  INFO 25724 --- [gulvisha-backend] [           main] o.hibernate.jpa.internal.util.LogHelper  : HHH000204: Processing PersistenceUnitInfo [name: default]
2026-09-07T00:26:04.961+05:30  INFO 25724 --- [gulvisha-backend] [           main] org.hibernate.Version                    : HHH000412: Hibernate ORM core version 6.6.33.Final
2026-09-07T00:26:05.028+05:30  INFO 25724 --- [gulvisha-backend] [           main] o.h.c.internal.RegionFactoryInitiator    : HHH000026: Second-level cache disabled
2026-09-07T00:26:05.411+05:30  INFO 25724 --- [gulvisha-backend] [           main] o.s.o.j.p.SpringPersistenceUnitInfo      : No LoadTimeWeaver setup: ignoring JPA class transformer
2026-09-07T00:26:05.462+05:30  INFO 25724 --- [gulvisha-backend] [           main] com.zaxxer.hikari.HikariDataSource       : HikariPool-1 - Starting...
2026-09-07T00:26:05.728+05:30  INFO 25724 --- [gulvisha-backend] [           main] com.zaxxer.hikari.pool.HikariPool        : HikariPool-1 - Added connection org.postgresql.jdbc.PgConnection@528e5e38
2026-09-07T00:26:05.728+05:30  INFO 25724 --- [gulvisha-backend] [           main] com.zaxxer.hikari.HikariDataSource       : HikariPool-1 - Start completed.
2026-09-07T00:26:05.828+05:30  INFO 25724 --- [gulvisha-backend] [           main] org.hibernate.orm.connections.pooling    : HHH10001005: Database info:
	Database JDBC URL [Connecting through datasource 'HikariDataSource (HikariPool-1)']
	Database driver: undefined/unknown
	Database version: 18.4
	Autocommit mode: undefined/unknown
	Isolation level: undefined/unknown
	Minimum pool size: undefined/unknown
	Maximum pool size: undefined/unknown
2026-09-07T00:26:07.476+05:30  INFO 25724 --- [gulvisha-backend] [           main] o.h.e.t.j.p.i.JtaPlatformInitiator       : HHH000489: No JTA platform available (set 'hibernate.transaction.jta.platform' to enable JTA platform integration)
2026-09-07T00:26:07.642+05:30  INFO 25724 --- [gulvisha-backend] [           main] j.LocalContainerEntityManagerFactoryBean : Initialized JPA EntityManagerFactory for persistence unit 'default'
2026-09-07T00:26:07.975+05:30  INFO 25724 --- [gulvisha-backend] [           main] o.s.d.j.r.query.QueryEnhancerFactory     : Hibernate is in classpath; If applicable, HQL parser will be used.
2026-09-07T00:26:11.839+05:30  INFO 25724 --- [gulvisha-backend] [           main] r$InitializeUserDetailsManagerConfigurer : Global AuthenticationManager configured with UserDetailsService bean with name customUserDetailsService
2026-09-07T00:26:12.555+05:30  INFO 25724 --- [gulvisha-backend] [           main] o.s.b.w.embedded.tomcat.TomcatWebServer  : Tomcat started on port 8080 (http) with context path '/'
2026-09-07T00:26:12.571+05:30  INFO 25724 --- [gulvisha-backend] [           main] c.g.backend.GulvishaBackendApplication   : Started GulvishaBackendApplication in 10.857 seconds (process running for 11.343)
2026-09-07T00:28:05.016+05:30  INFO 25724 --- [gulvisha-backend] [nio-8080-exec-1] o.a.c.c.C.[Tomcat].[localhost].[/]       : Initializing Spring DispatcherServlet 'dispatcherServlet'
2026-09-07T00:28:05.016+05:30  INFO 25724 --- [gulvisha-backend] [nio-8080-exec-1] o.s.web.servlet.DispatcherServlet        : Initializing Servlet 'dispatcherServlet'
2026-09-07T00:28:05.016+05:30  INFO 25724 --- [gulvisha-backend] [nio-8080-exec-1] o.s.web.servlet.DispatcherServlet        : Completed initialization in 0 ms
2026-09-07T00:30:25.401+05:30  WARN 25724 --- [gulvisha-backend] [nio-8080-exec-9] ration$PageModule$WarningLoggingModifier : Serializing PageImpl instances as-is is not supported, meaning that there is no guarantee about the stability of the resulting JSON structure!
	For a stable JSON structure, please use Spring Data's PagedModel (globally via @EnableSpringDataWebSupport(pageSerializationMode = VIA_DTO))
	or Spring HATEOAS and Spring Data's PagedResourcesAssembler as documented in https://docs.spring.io/spring-data/commons/reference/repositories/core-extensions.html#core.web.pageables.

2026-09-07T00:33:20.487+05:30  WARN 25724 --- [gulvisha-backend] [nio-8080-exec-6] o.a.c.util.SessionIdGeneratorBase        : Creation of SecureRandom instance for session ID generation using [SHA1PRNG] took [103] milliseconds.
2026-09-07T00:33:20.487+05:30  WARN 25724 --- [gulvisha-backend] [nio-8080-exec-9] o.a.c.util.SessionIdGeneratorBase        : Creation of SecureRandom instance for session ID generation using [SHA1PRNG] took [103] milliseconds.
2026-09-07T00:33:20.487+05:30  WARN 25724 --- [gulvisha-backend] [io-8080-exec-10] o.a.c.util.SessionIdGeneratorBase        : Creation of SecureRandom instance for session ID generation using [SHA1PRNG] took [103] milliseconds.
2026-09-07T00:33:20.487+05:30  WARN 25724 --- [gulvisha-backend] [nio-8080-exec-7] o.a.c.util.SessionIdGeneratorBase        : Creation of SecureRandom instance for session ID generation using [SHA1PRNG] took [103] milliseconds.
[INFO] ------------------------------------------------------------------------
[INFO] BUILD FAILURE
[INFO] ------------------------------------------------------------------------
[INFO] Total time:  02:00 h
[INFO] Finished at: 2026-09-07T02:26:30+05:30
[INFO] ------------------------------------------------------------------------
[ERROR] Failed to execute goal org.springframework.boot:spring-boot-maven-plugin:3.5.7:run (default-cli) on project gulvisha-backend: Process terminated with exit code: -1 -> [Help 1]
[ERROR] 
[ERROR] To see the full stack trace of the errors, re-run Maven with the -e switch.
[ERROR] Re-run Maven using the -X switch to enable full debug logging.
[ERROR] 
[ERROR] For more information about the errors and possible solutions, please read the following articles:
[ERROR] [Help 1] http://cwiki.apache.org/confluence/display/MAVEN/MojoExecutionException
