
  .   ____          _            __ _ _
 /\\ / ___'_ __ _ _(_)_ __  __ _ \ \ \ \
( ( )\___ | '_ | '_| | '_ \/ _` | \ \ \ \
 \\/  ___)| |_)| | | | | || (_| |  ) ) ) )
  '  |____| .__|_| |_|_| |_\__, | / / / /
 =========|_|==============|___/=/_/_/_/

 :: Spring Boot ::                (v3.5.7)

2026-09-08T20:34:09.464+05:30  INFO 15616 --- [gulvisha-backend] [           main] c.g.backend.GulvishaBackendApplication   : Starting GulvishaBackendApplication v0.0.1-SNAPSHOT using Java 21.0.11 with PID 15616 (E:\AI_LEARNING\gulvisha-enterprises\backend\gulvisha-backend\target\gulvisha-backend-0.0.1-SNAPSHOT.jar started by PC in E:\AI_LEARNING\gulvisha-enterprises)
2026-09-08T20:34:09.470+05:30  INFO 15616 --- [gulvisha-backend] [           main] c.g.backend.GulvishaBackendApplication   : No active profile set, falling back to 1 default profile: "default"
2026-09-08T20:34:11.455+05:30  INFO 15616 --- [gulvisha-backend] [           main] .s.d.r.c.RepositoryConfigurationDelegate : Bootstrapping Spring Data JPA repositories in DEFAULT mode.
2026-09-08T20:34:11.647+05:30  INFO 15616 --- [gulvisha-backend] [           main] .s.d.r.c.RepositoryConfigurationDelegate : Finished Spring Data repository scanning in 173 ms. Found 21 JPA repository interfaces.
2026-09-08T20:34:12.885+05:30  INFO 15616 --- [gulvisha-backend] [           main] o.s.b.w.embedded.tomcat.TomcatWebServer  : Tomcat initialized with port 8080 (http)
2026-09-08T20:34:12.904+05:30  INFO 15616 --- [gulvisha-backend] [           main] o.apache.catalina.core.StandardService   : Starting service [Tomcat]
2026-09-08T20:34:12.916+05:30  INFO 15616 --- [gulvisha-backend] [           main] o.apache.catalina.core.StandardEngine    : Starting Servlet engine: [Apache Tomcat/10.1.48]
2026-09-08T20:34:12.976+05:30  INFO 15616 --- [gulvisha-backend] [           main] o.a.c.c.C.[Tomcat].[localhost].[/]       : Initializing Spring embedded WebApplicationContext
2026-09-08T20:34:12.976+05:30  INFO 15616 --- [gulvisha-backend] [           main] w.s.c.ServletWebServerApplicationContext : Root WebApplicationContext: initialization completed in 3366 ms
2026-09-08T20:34:13.385+05:30  INFO 15616 --- [gulvisha-backend] [           main] o.hibernate.jpa.internal.util.LogHelper  : HHH000204: Processing PersistenceUnitInfo [name: default]
2026-09-08T20:34:13.572+05:30  INFO 15616 --- [gulvisha-backend] [           main] org.hibernate.Version                    : HHH000412: Hibernate ORM core version 6.6.33.Final
2026-09-08T20:34:13.662+05:30  INFO 15616 --- [gulvisha-backend] [           main] o.h.c.internal.RegionFactoryInitiator    : HHH000026: Second-level cache disabled
2026-09-08T20:34:14.225+05:30  INFO 15616 --- [gulvisha-backend] [           main] o.s.o.j.p.SpringPersistenceUnitInfo      : No LoadTimeWeaver setup: ignoring JPA class transformer
2026-09-08T20:34:14.287+05:30  INFO 15616 --- [gulvisha-backend] [           main] com.zaxxer.hikari.HikariDataSource       : HikariPool-1 - Starting...
2026-09-08T20:34:14.695+05:30  INFO 15616 --- [gulvisha-backend] [           main] com.zaxxer.hikari.pool.HikariPool        : HikariPool-1 - Added connection org.postgresql.jdbc.PgConnection@39514976
2026-09-08T20:34:14.699+05:30  INFO 15616 --- [gulvisha-backend] [           main] com.zaxxer.hikari.HikariDataSource       : HikariPool-1 - Start completed.
2026-09-08T20:34:14.862+05:30  INFO 15616 --- [gulvisha-backend] [           main] org.hibernate.orm.connections.pooling    : HHH10001005: Database info:
	Database JDBC URL [Connecting through datasource 'HikariDataSource (HikariPool-1)']
	Database driver: undefined/unknown
	Database version: 18.4
	Autocommit mode: undefined/unknown
	Isolation level: undefined/unknown
	Minimum pool size: undefined/unknown
	Maximum pool size: undefined/unknown
2026-09-08T20:34:16.865+05:30  INFO 15616 --- [gulvisha-backend] [           main] o.h.e.t.j.p.i.JtaPlatformInitiator       : HHH000489: No JTA platform available (set 'hibernate.transaction.jta.platform' to enable JTA platform integration)
2026-09-08T20:34:17.241+05:30  INFO 15616 --- [gulvisha-backend] [           main] j.LocalContainerEntityManagerFactoryBean : Initialized JPA EntityManagerFactory for persistence unit 'default'
2026-09-08T20:34:18.172+05:30  INFO 15616 --- [gulvisha-backend] [           main] o.s.d.j.r.query.QueryEnhancerFactory     : Hibernate is in classpath; If applicable, HQL parser will be used.
2026-09-08T20:34:21.612+05:30  INFO 15616 --- [gulvisha-backend] [           main] r$InitializeUserDetailsManagerConfigurer : Global AuthenticationManager configured with UserDetailsService bean with name customUserDetailsService
2026-09-08T20:34:22.827+05:30  INFO 15616 --- [gulvisha-backend] [           main] o.s.b.w.embedded.tomcat.TomcatWebServer  : Tomcat started on port 8080 (http) with context path '/'
2026-09-08T20:34:22.840+05:30  INFO 15616 --- [gulvisha-backend] [           main] c.g.backend.GulvishaBackendApplication   : Started GulvishaBackendApplication in 14.418 seconds (process running for 15.641)
2026-09-08T20:34:31.767+05:30  INFO 15616 --- [gulvisha-backend] [nio-8080-exec-1] o.a.c.c.C.[Tomcat].[localhost].[/]       : Initializing Spring DispatcherServlet 'dispatcherServlet'
2026-09-08T20:34:31.767+05:30  INFO 15616 --- [gulvisha-backend] [nio-8080-exec-1] o.s.web.servlet.DispatcherServlet        : Initializing Servlet 'dispatcherServlet'
2026-09-08T20:34:31.767+05:30  INFO 15616 --- [gulvisha-backend] [nio-8080-exec-1] o.s.web.servlet.DispatcherServlet        : Completed initialization in 0 ms
2026-09-08T20:57:50.944+05:30  WARN 15616 --- [gulvisha-backend] [l-1:housekeeper] com.zaxxer.hikari.pool.HikariPool        : HikariPool-1 - Thread starvation or clock leap detected (housekeeper delta=1m4s371ms990µs400ns).
